05/14/2026 05:11:26 PM - root - INFO - *******************Test_001_Login**************************
05/14/2026 05:11:26 PM - root - INFO - *******************Verifying Home Page Title**************************
05/14/2026 05:11:28 PM - root - INFO - *******************home page title passed **************************
05/14/2026 05:11:30 PM - root - INFO - *******************verifying login test**************************
05/14/2026 05:11:34 PM - root - ERROR - ******************* login failed**************************
05/14/2026 05:47:31 PM - root - INFO - *******************Test_001_Login**************************
05/14/2026 05:47:31 PM - root - INFO - *******************Verifying Home Page Title**************************
05/14/2026 05:47:32 PM - root - INFO - *******************home page title passed **************************
05/14/2026 05:47:34 PM - root - INFO - *******************verifying login test**************************
05/14/2026 05:47:38 PM - root - ERROR - ******************* login failed**************************
05/14/2026 05:48:34 PM - root - INFO - *******************Test_001_Login**************************
05/14/2026 05:48:34 PM - root - INFO - *******************Verifying Home Page Title**************************
05/14/2026 05:48:36 PM - root - INFO - *******************home page title passed **************************
05/14/2026 05:48:38 PM - root - INFO - *******************verifying login test**************************
05/14/2026 05:48:42 PM - root - ERROR - ******************* login failed**************************
05/14/2026 05:49:05 PM - root - INFO - *******************Test_001_Login**************************
05/14/2026 05:49:05 PM - root - INFO - *******************Verifying Home Page Title**************************
05/14/2026 05:49:06 PM - root - INFO - *******************home page title passed **************************
05/14/2026 05:49:08 PM - root - INFO - *******************verifying login test**************************
05/14/2026 05:49:12 PM - root - ERROR - ******************* login failed**************************
05/14/2026 06:04:49 PM - root - INFO - *******************verifying login test**************************
05/14/2026 06:04:49 PM - root - INFO - *******************Test_001_Login**************************
05/14/2026 06:04:49 PM - root - INFO - *******************Verifying Home Page Title**************************
05/14/2026 06:04:51 PM - root - INFO - *******************home page title passed **************************
05/14/2026 06:04:56 PM - root - ERROR - ******************* login failed**************************
05/14/2026 06:17:26 PM - root - INFO - *******************verifying login test**************************
05/14/2026 06:17:26 PM - root - INFO - *******************Test_001_Login**************************
05/14/2026 06:17:26 PM - root - INFO - *******************Verifying Home Page Title**************************
05/14/2026 06:17:30 PM - root - INFO - *******************home page title passed **************************
05/14/2026 06:17:34 PM - root - ERROR - ******************* login failed**************************
05/14/2026 06:33:20 PM - root - INFO - *******************verifying login test**************************
05/14/2026 06:33:20 PM - root - INFO - *******************Test_001_Login**************************
05/14/2026 06:33:20 PM - root - INFO - *******************Verifying Home Page Title**************************
05/14/2026 06:33:23 PM - root - INFO - *******************home page title passed **************************
05/14/2026 06:33:27 PM - root - ERROR - ******************* login failed**************************
05/14/2026 06:34:38 PM - root - INFO - *******************Test_001_Login**************************
05/14/2026 06:34:38 PM - root - INFO - *******************Verifying Home Page Title**************************
05/14/2026 06:34:38 PM - root - INFO - *******************verifying login test**************************
05/14/2026 06:34:40 PM - root - INFO - *******************home page title passed **************************
05/14/2026 06:34:43 PM - root - ERROR - ******************* login failed**************************
05/16/2026 07:02:37 PM - root - INFO - *******************Test_001_Login**************************
05/16/2026 07:02:37 PM - root - INFO - *******************Verifying Home Page Title**************************
05/16/2026 07:02:38 PM - root - INFO - *******************home page title passed **************************
05/16/2026 07:02:40 PM - root - INFO - *******************verifying login test**************************
05/16/2026 07:02:45 PM - root - ERROR - ******************* login failed**************************
05/16/2026 07:02:47 PM - root - INFO - *******************Test_002_Login_DDT**************************
05/16/2026 07:02:47 PM - root - INFO - *******************verifying login test data driven testing**************************
05/16/2026 07:04:06 PM - root - INFO - *******************Test_001_Login**************************
05/16/2026 07:04:06 PM - root - INFO - *******************Verifying Home Page Title**************************
05/16/2026 07:04:07 PM - root - INFO - *******************home page title passed **************************
05/16/2026 07:04:09 PM - root - INFO - *******************verifying login test**************************
05/16/2026 07:04:14 PM - root - ERROR - ******************* login failed**************************
05/16/2026 07:04:16 PM - root - INFO - *******************Test_002_Login_DDT**************************
05/16/2026 07:04:16 PM - root - INFO - *******************verifying login test data driven testing**************************
05/16/2026 07:05:07 PM - root - INFO - *******************Test_001_Login**************************
05/16/2026 07:05:07 PM - root - INFO - *******************Verifying Home Page Title**************************
05/16/2026 07:05:08 PM - root - INFO - *******************home page title passed **************************
05/16/2026 07:05:10 PM - root - INFO - *******************verifying login test**************************
05/16/2026 07:05:14 PM - root - ERROR - ******************* login failed**************************
05/16/2026 07:05:17 PM - root - INFO - *******************Test_002_Login_DDT**************************
05/16/2026 07:05:17 PM - root - INFO - *******************verifying login test data driven testing**************************
05/16/2026 07:05:21 PM - root - INFO - ***failed****
